// Jest Snapshot v1, https://goo.gl/fbAQLP

exports[`ProductCard snapshot 1`] = `
<div
  className="MuiBox-root css-1nbic85"
  data-testid="product-card"
>
  <div
    onMouseEnter={[Function]}
    onMouseLeave={[Function]}
    style={
      Object {
        "borderRadius": "15px",
        "boxShadow": "0px 10px 20px -5px rgba(0, 0, 0, 0.4)",
        "height": "200px",
        "transform": "none",
        "width": "150px",
      }
    }
  >
    <div
      alt="AirPods 3rd generation with Lightning Charging CaseWhite"
      className="sc-bcHOTY esWDSl"
      height="200px"
      imageurl="https://res.cloudinary.com/dtvbxgclg/image/upload/headphone/vlw1uhpqs7ofoiku9wuu.jpg"
      sale="false"
      size="cover"
      width="150px"
    >
      <button
        className="MuiButtonBase-root MuiIconButton-root MuiIconButton-sizeMedium css-e553mr-MuiButtonBase-root-MuiIconButton-root"
        disabled={false}
        onBlur={[Function]}
        onContextMenu={[Function]}
        onDragLeave={[Function]}
        onFocus={[Function]}
        onKeyDown={[Function]}
        onKeyUp={[Function]}
        onMouseDown={[Function]}
        onMouseLeave={[Function]}
        onMouseUp={[Function]}
        onTouchEnd={[Function]}
        onTouchMove={[Function]}
        onTouchStart={[Function]}
        tabIndex={0}
        type="button"
      >
        <svg
          aria-hidden={true}
          className="MuiSvgIcon-root MuiSvgIcon-fontSizeMedium css-i4bv87-MuiSvgIcon-root"
          data-testid="FavoriteBorderIcon"
          focusable="false"
          onClick={[Function]}
          viewBox="0 0 24 24"
        >
          <path
            d="M16.5 3c-1.74 0-3.41.81-4.5 2.09C10.91 3.81 9.24 3 7.5 3 4.42 3 2 5.42 2 8.5c0 3.78 3.4 6.86 8.55 11.54L12 21.35l1.45-1.32C18.6 15.36 22 12.28 22 8.5 22 5.42 19.58 3 16.5 3zm-4.4 15.55-.1.1-.1-.1C7.14 14.24 4 11.39 4 8.5 4 6.5 5.5 5 7.5 5c1.54 0 3.04.99 3.57 2.36h1.87C13.46 5.99 14.96 5 16.5 5c2 0 3.5 1.5 3.5 3.5 0 2.89-3.14 5.74-7.9 10.05z"
          />
        </svg>
      </button>
      <div
        className="MuiBox-root css-gfpxvl"
      >
        <a
          href="/product/82656"
          onClick={[Function]}
          style={
            Object {
              "marginRight": "7%",
            }
          }
        >
          <button
            className="MuiButtonBase-root MuiButton-root MuiButton-text MuiButton-textPrimary MuiButton-sizeMedium MuiButton-textSizeMedium MuiButton-root MuiButton-text MuiButton-textPrimary MuiButton-sizeMedium MuiButton-textSizeMedium css-1bo1ka4-MuiButtonBase-root-MuiButton-root"
            data-testid="detail-btn"
            disabled={false}
            onBlur={[Function]}
            onClick={[Function]}
            onContextMenu={[Function]}
            onDragLeave={[Function]}
            onFocus={[Function]}
            onKeyDown={[Function]}
            onKeyUp={[Function]}
            onMouseDown={[Function]}
            onMouseLeave={[Function]}
            onMouseUp={[Function]}
            onTouchEnd={[Function]}
            onTouchMove={[Function]}
            onTouchStart={[Function]}
            tabIndex={0}
            type="button"
          >
            Detail
          </button>
        </a>
        <div
          style={
            Object {
              "transform": " scale(1)",
            }
          }
        >
          <button
            className="MuiButtonBase-root MuiButton-root MuiButton-solid MuiButton-solidPrimary MuiButton-sizeMedium MuiButton-solidSizeMedium MuiButton-root MuiButton-solid MuiButton-solidPrimary MuiButton-sizeMedium MuiButton-solidSizeMedium css-mmllqa-MuiButtonBase-root-MuiButton-root"
            data-testid="add-to-cart"
            disabled={false}
            onBlur={[Function]}
            onClick={[Function]}
            onContextMenu={[Function]}
            onDragLeave={[Function]}
            onFocus={[Function]}
            onKeyDown={[Function]}
            onKeyUp={[Function]}
            onMouseDown={[Function]}
            onMouseLeave={[Function]}
            onMouseUp={[Function]}
            onTouchEnd={[Function]}
            onTouchMove={[Function]}
            onTouchStart={[Function]}
            tabIndex={0}
            type="button"
          >
            <svg
              aria-hidden={true}
              className="MuiSvgIcon-root MuiSvgIcon-fontSizeMedium css-1krgx62-MuiSvgIcon-root"
              focusable="false"
              viewBox="0 0 24 24"
            >
              <svg
                fill="none"
                height="19"
                viewBox="0 0 19 19"
                width="19"
                xmlns="http://www.w3.org/2000/svg"
              >
                <g
                  clipPath="url(#clip0_53_766)"
                >
                  <path
                    d="M7.34968 16.8999C7.74505 16.8999 8.06557 16.5646 8.06557 16.151C8.06557 15.7374 7.74505 15.4021 7.34968 15.4021C6.9543 15.4021 6.63379 15.7374 6.63379 16.151C6.63379 16.5646 6.9543 16.8999 7.34968 16.8999Z"
                    stroke="#616467"
                    strokeLinecap="round"
                    strokeLinejoin="round"
                    strokeWidth="2"
                  />
                  <path
                    d="M15.2244 16.8999C15.6198 16.8999 15.9403 16.5646 15.9403 16.151C15.9403 15.7374 15.6198 15.4021 15.2244 15.4021C14.8291 15.4021 14.5085 15.7374 14.5085 16.151C14.5085 16.5646 14.8291 16.8999 15.2244 16.8999Z"
                    stroke="#616467"
                    strokeLinecap="round"
                    strokeLinejoin="round"
                    strokeWidth="2"
                  />
                  <path
                    d="M1.62231 1.17261H4.48588L6.40447 11.2006C6.46993 11.5454 6.64924 11.8552 6.91099 12.0756C7.17275 12.296 7.50028 12.4131 7.83625 12.4064H14.7947C15.1307 12.4131 15.4582 12.296 15.72 12.0756C15.9817 11.8552 16.161 11.5454 16.2265 11.2006L17.3719 4.91721H5.20177"
                    stroke="#616467"
                    strokeLinecap="round"
                    strokeLinejoin="round"
                    strokeWidth="2"
                  />
                </g>
                <defs>
                  <clipPath
                    id="clip0_53_766"
                  >
                    <rect
                      fill="white"
                      height="17.9741"
                      transform="translate(0.906494 0.423706)"
                      width="17.1814"
                    />
                  </clipPath>
                </defs>
              </svg>
            </svg>
          </button>
        </div>
      </div>
    </div>
  </div>
</div>
`;
